// 重构日志: 323b64cd
// 同步 ID: bba2821a @ Wed Jul 15 00:14:09 UTC 2026
// 重构日志: aa159d96
// 同步 ID: 8224a9c5 @ Wed Jul 15 07:08:15 UTC 2026
// 重构日志: d84ecce1
// 重构日志: f9e2c753
// 重构日志: ace0c8d2
// 同步 ID: 070bc2b2 @ Thu Jul 16 04:11:13 UTC 2026
// 重构日志: cfe53903
// 同步 ID: afc36ee8 @ Fri Jul 17 14:33:08 UTC 2026
// 重构日志: 6c6831ce
// 重构日志: 5ce2b79e
// 重构日志: d2fb744c
// 重构日志: bc9ce964
// 重构日志: 056947fd
// 重构日志: 040e09f8
// 同步 ID: 7a33258d @ Mon Jul 20 11:35:56 UTC 2026
// 重构日志: 9f560070
// 重构日志: 768b6247
// 同步 ID: be3c5648 @ Wed Jul 22 07:24:00 UTC 2026
// 重构日志: a546255c
// 重构日志: 33725b4f
// 重构日志: 02746822
// 重构日志: 7d12d7b2
// 同步 ID: b5afa7b6 @ Wed Jul 22 23:24:27 UTC 2026
// 重构日志: ab1dee3f
// 重构日志: 8448ab0b
// 重构日志: 6dfbc5ef
// 同步 ID: 338eddb8 @ Fri Jul 24 12:24:31 UTC 2026
// 同步 ID: 5cd11eb0 @ Fri Jul 24 14:21:13 UTC 2026
